<testsuites name="jest tests" tests="6" failures="0" time="1.869">
  <testsuite name="LeaderBoard" errors="0" failures="0" skipped="0" timestamp="2022-06-03T04:46:43" time="1.869" tests="6">
    <testcase classname="LeaderBoard should render the table and buttons" name="LeaderBoard should render the table and buttons" time="0.042">
    </testcase>
    <testcase classname="LeaderBoard should Navigate to Correct Route on button click" name="LeaderBoard should Navigate to Correct Route on button click" time="0.047">
    </testcase>
    <testcase classname="LeaderBoard should Sort by Rank" name="LeaderBoard should Sort by Rank" time="0.036">
    </testcase>
    <testcase classname="LeaderBoard should Sort by Name" name="LeaderBoard should Sort by Name" time="0.027">
    </testcase>
    <testcase classname="LeaderBoard should Sort by Points" name="LeaderBoard should Sort by Points" time="0.026">
    </testcase>
    <testcase classname="LeaderBoard should Sort by Age" name="LeaderBoard should Sort by Age" time="0.028">
    </testcase>
  </testsuite>
</testsuites>